[0.265s] DEBUG:colcon:Command line arguments: ['/usr/bin/colcon', 'build', '--symlink-install']
[0.265s] DEBUG:colcon:Parsed command line arguments: Namespace(log_base=None, log_level=None, verb_name='build', build_base='build', install_base='install', merge_install=False, symlink_install=True, test_result_base=None, continue_on_error=False, executor='parallel', parallel_workers=8, event_handlers=None, ignore_user_meta=False, metas=['./colcon.meta'], base_paths=['.'], packages_ignore=None, packages_ignore_regex=None, paths=None, packages_up_to=None, packages_up_to_regex=None, packages_above=None, packages_above_and_dependencies=None, packages_above_depth=None, packages_select_by_dep=None, packages_skip_by_dep=None, packages_skip_up_to=None, packages_select_build_failed=False, packages_skip_build_finished=False, packages_select_test_failures=False, packages_skip_test_passed=False, packages_select=None, packages_skip=None, packages_select_regex=None, packages_skip_regex=None, packages_start=None, packages_end=None, allow_overriding=[], cmake_args=None, cmake_target=None, cmake_target_skip_unavailable=False, cmake_clean_cache=False, cmake_clean_first=False, cmake_force_configure=False, ament_cmake_args=None, catkin_cmake_args=None, catkin_skip_building_tests=False, mixin_files=None, mixin=None, verb_parser=<colcon_mixin.mixin.mixin_argument.MixinArgumentDecorator object at 0x74a2cfdf18e0>, verb_extension=<colcon_core.verb.build.BuildVerb object at 0x74a2cfd42450>, main=<bound method BuildVerb.main of <colcon_core.verb.build.BuildVerb object at 0x74a2cfd42450>>, mixin_verb=('build',))
[0.335s] Level 1:colcon.colcon_core.package_discovery:discover_packages(colcon_meta) check parameters
[0.335s] Level 1:colcon.colcon_core.package_discovery:discover_packages(recursive) check parameters
[0.335s] Level 1:colcon.colcon_core.package_discovery:discover_packages(ignore) check parameters
[0.335s] Level 1:colcon.colcon_core.package_discovery:discover_packages(path) check parameters
[0.335s] Level 1:colcon.colcon_core.package_discovery:discover_packages(colcon_meta) discover
[0.335s] Level 1:colcon.colcon_core.package_discovery:discover_packages(recursive) discover
[0.335s] INFO:colcon.colcon_core.package_discovery:Crawling recursively for packages in '/home/parkmingwan/followingbot_ws'
[0.335s] Level 1:colcon.colcon_core.package_identification:_identify(.) by extensions ['ignore', 'ignore_ament_install']
[0.335s] Level 1:colcon.colcon_core.package_identification:_identify(.) by extension 'ignore'
[0.335s] Level 1:colcon.colcon_core.package_identification:_identify(.) by extension 'ignore_ament_install'
[0.336s] Level 1:colcon.colcon_core.package_identification:_identify(.) by extensions ['colcon_pkg']
[0.336s] Level 1:colcon.colcon_core.package_identification:_identify(.) by extension 'colcon_pkg'
[0.336s] Level 1:colcon.colcon_core.package_identification:_identify(.) by extensions ['colcon_meta']
[0.336s] Level 1:colcon.colcon_core.package_identification:_identify(.) by extension 'colcon_meta'
[0.336s] Level 1:colcon.colcon_core.package_identification:_identify(.) by extensions ['ros']
[0.336s] Level 1:colcon.colcon_core.package_identification:_identify(.) by extension 'ros'
[0.379s] Level 1:colcon.colcon_core.package_identification:_identify(.) by extensions ['cmake', 'python']
[0.379s] Level 1:colcon.colcon_core.package_identification:_identify(.) by extension 'cmake'
[0.380s] Level 1:colcon.colcon_core.package_identification:_identify(.) by extension 'python'
[0.380s] Level 1:colcon.colcon_core.package_identification:_identify(.) by extensions ['python_setup_py']
[0.380s] Level 1:colcon.colcon_core.package_identification:_identify(.) by extension 'python_setup_py'
[0.380s] Level 1:colcon.colcon_core.package_identification:_identify(build) by extensions ['ignore', 'ignore_ament_install']
[0.380s] Level 1:colcon.colcon_core.package_identification:_identify(build) by extension 'ignore'
[0.380s] Level 1:colcon.colcon_core.package_identification:_identify(build) ignored
[0.380s] Level 1:colcon.colcon_core.package_identification:_identify(install) by extensions ['ignore', 'ignore_ament_install']
[0.380s] Level 1:colcon.colcon_core.package_identification:_identify(install) by extension 'ignore'
[0.380s] Level 1:colcon.colcon_core.package_identification:_identify(install) ignored
[0.380s] Level 1:colcon.colcon_core.package_identification:_identify(log) by extensions ['ignore', 'ignore_ament_install']
[0.380s] Level 1:colcon.colcon_core.package_identification:_identify(log) by extension 'ignore'
[0.380s] Level 1:colcon.colcon_core.package_identification:_identify(log) ignored
[0.380s] Level 1:colcon.colcon_core.package_identification:_identify(src) by extensions ['ignore', 'ignore_ament_install']
[0.381s] Level 1:colcon.colcon_core.package_identification:_identify(src) by extension 'ignore'
[0.381s] Level 1:colcon.colcon_core.package_identification:_identify(src) by extension 'ignore_ament_install'
[0.381s] Level 1:colcon.colcon_core.package_identification:_identify(src) by extensions ['colcon_pkg']
[0.381s] Level 1:colcon.colcon_core.package_identification:_identify(src) by extension 'colcon_pkg'
[0.381s] Level 1:colcon.colcon_core.package_identification:_identify(src) by extensions ['colcon_meta']
[0.381s] Level 1:colcon.colcon_core.package_identification:_identify(src) by extension 'colcon_meta'
[0.381s] Level 1:colcon.colcon_core.package_identification:_identify(src) by extensions ['ros']
[0.381s] Level 1:colcon.colcon_core.package_identification:_identify(src) by extension 'ros'
[0.381s] Level 1:colcon.colcon_core.package_identification:_identify(src) by extensions ['cmake', 'python']
[0.381s] Level 1:colcon.colcon_core.package_identification:_identify(src) by extension 'cmake'
[0.381s] Level 1:colcon.colcon_core.package_identification:_identify(src) by extension 'python'
[0.381s] Level 1:colcon.colcon_core.package_identification:_identify(src) by extensions ['python_setup_py']
[0.381s] Level 1:colcon.colcon_core.package_identification:_identify(src) by extension 'python_setup_py'
[0.381s] Level 1:colcon.colcon_core.package_identification:_identify(src/bldc_inwheel_driver_stub) by extensions ['ignore', 'ignore_ament_install']
[0.381s] Level 1:colcon.colcon_core.package_identification:_identify(src/bldc_inwheel_driver_stub) by extension 'ignore'
[0.381s] Level 1:colcon.colcon_core.package_identification:_identify(src/bldc_inwheel_driver_stub) by extension 'ignore_ament_install'
[0.381s] Level 1:colcon.colcon_core.package_identification:_identify(src/bldc_inwheel_driver_stub) by extensions ['colcon_pkg']
[0.381s] Level 1:colcon.colcon_core.package_identification:_identify(src/bldc_inwheel_driver_stub) by extension 'colcon_pkg'
[0.382s] Level 1:colcon.colcon_core.package_identification:_identify(src/bldc_inwheel_driver_stub) by extensions ['colcon_meta']
[0.382s] Level 1:colcon.colcon_core.package_identification:_identify(src/bldc_inwheel_driver_stub) by extension 'colcon_meta'
[0.382s] Level 1:colcon.colcon_core.package_identification:_identify(src/bldc_inwheel_driver_stub) by extensions ['ros']
[0.382s] Level 1:colcon.colcon_core.package_identification:_identify(src/bldc_inwheel_driver_stub) by extension 'ros'
[0.388s] DEBUG:colcon.colcon_core.package_identification:Package 'src/bldc_inwheel_driver_stub' with type 'ros.ament_cmake' and name 'bldc_inwheel_driver_stub'
[0.388s] Level 1:colcon.colcon_core.package_identification:_identify(src/followingbot_bridge) by extensions ['ignore', 'ignore_ament_install']
[0.388s] Level 1:colcon.colcon_core.package_identification:_identify(src/followingbot_bridge) by extension 'ignore'
[0.388s] Level 1:colcon.colcon_core.package_identification:_identify(src/followingbot_bridge) by extension 'ignore_ament_install'
[0.388s] Level 1:colcon.colcon_core.package_identification:_identify(src/followingbot_bridge) by extensions ['colcon_pkg']
[0.388s] Level 1:colcon.colcon_core.package_identification:_identify(src/followingbot_bridge) by extension 'colcon_pkg'
[0.388s] Level 1:colcon.colcon_core.package_identification:_identify(src/followingbot_bridge) by extensions ['colcon_meta']
[0.388s] Level 1:colcon.colcon_core.package_identification:_identify(src/followingbot_bridge) by extension 'colcon_meta'
[0.388s] Level 1:colcon.colcon_core.package_identification:_identify(src/followingbot_bridge) by extensions ['ros']
[0.388s] Level 1:colcon.colcon_core.package_identification:_identify(src/followingbot_bridge) by extension 'ros'
[0.389s] DEBUG:colcon.colcon_core.package_identification:Package 'src/followingbot_bridge' with type 'ros.ament_python' and name 'followingbot_bridge'
[0.389s] Level 1:colcon.colcon_core.package_identification:_identify(src/followingbot_bringup) by extensions ['ignore', 'ignore_ament_install']
[0.389s] Level 1:colcon.colcon_core.package_identification:_identify(src/followingbot_bringup) by extension 'ignore'
[0.389s] Level 1:colcon.colcon_core.package_identification:_identify(src/followingbot_bringup) by extension 'ignore_ament_install'
[0.389s] Level 1:colcon.colcon_core.package_identification:_identify(src/followingbot_bringup) by extensions ['colcon_pkg']
[0.389s] Level 1:colcon.colcon_core.package_identification:_identify(src/followingbot_bringup) by extension 'colcon_pkg'
[0.389s] Level 1:colcon.colcon_core.package_identification:_identify(src/followingbot_bringup) by extensions ['colcon_meta']
[0.389s] Level 1:colcon.colcon_core.package_identification:_identify(src/followingbot_bringup) by extension 'colcon_meta'
[0.390s] Level 1:colcon.colcon_core.package_identification:_identify(src/followingbot_bringup) by extensions ['ros']
[0.390s] Level 1:colcon.colcon_core.package_identification:_identify(src/followingbot_bringup) by extension 'ros'
[0.390s] DEBUG:colcon.colcon_core.package_identification:Package 'src/followingbot_bringup' with type 'ros.ament_python' and name 'followingbot_bringup'
[0.390s] Level 1:colcon.colcon_core.package_identification:_identify(src/followingbot_control) by extensions ['ignore', 'ignore_ament_install']
[0.390s] Level 1:colcon.colcon_core.package_identification:_identify(src/followingbot_control) by extension 'ignore'
[0.390s] Level 1:colcon.colcon_core.package_identification:_identify(src/followingbot_control) by extension 'ignore_ament_install'
[0.390s] Level 1:colcon.colcon_core.package_identification:_identify(src/followingbot_control) by extensions ['colcon_pkg']
[0.391s] Level 1:colcon.colcon_core.package_identification:_identify(src/followingbot_control) by extension 'colcon_pkg'
[0.391s] Level 1:colcon.colcon_core.package_identification:_identify(src/followingbot_control) by extensions ['colcon_meta']
[0.391s] Level 1:colcon.colcon_core.package_identification:_identify(src/followingbot_control) by extension 'colcon_meta'
[0.391s] Level 1:colcon.colcon_core.package_identification:_identify(src/followingbot_control) by extensions ['ros']
[0.391s] Level 1:colcon.colcon_core.package_identification:_identify(src/followingbot_control) by extension 'ros'
[0.393s] DEBUG:colcon.colcon_core.package_identification:Package 'src/followingbot_control' with type 'ros.ament_cmake' and name 'followingbot_control'
[0.393s] Level 1:colcon.colcon_core.package_discovery:discover_packages(recursive) using defaults
[0.393s] Level 1:colcon.colcon_core.package_discovery:discover_packages(ignore) discover
[0.393s] Level 1:colcon.colcon_core.package_discovery:discover_packages(ignore) using defaults
[0.393s] Level 1:colcon.colcon_core.package_discovery:discover_packages(path) discover
[0.393s] Level 1:colcon.colcon_core.package_discovery:discover_packages(path) using defaults
[0.421s] Level 1:colcon.colcon_core.package_discovery:discover_packages(prefix_path) check parameters
[0.421s] Level 1:colcon.colcon_core.package_discovery:discover_packages(prefix_path) discover
[0.427s] DEBUG:colcon.colcon_installed_package_information.package_discovery:Found 2 installed packages in /home/parkmingwan/ros2_ws/install
[0.428s] DEBUG:colcon.colcon_installed_package_information.package_discovery:Found 292 installed packages in /opt/ros/jazzy
[0.429s] Level 1:colcon.colcon_core.package_discovery:discover_packages(prefix_path) using defaults
[0.481s] Level 5:colcon.colcon_core.verb:set package 'bldc_inwheel_driver_stub' build argument 'cmake_args' from command line to 'None'
[0.481s] Level 5:colcon.colcon_core.verb:set package 'bldc_inwheel_driver_stub' build argument 'cmake_target' from command line to 'None'
[0.481s] Level 5:colcon.colcon_core.verb:set package 'bldc_inwheel_driver_stub' build argument 'cmake_target_skip_unavailable' from command line to 'False'
[0.481s] Level 5:colcon.colcon_core.verb:set package 'bldc_inwheel_driver_stub' build argument 'cmake_clean_cache' from command line to 'False'
[0.481s] Level 5:colcon.colcon_core.verb:set package 'bldc_inwheel_driver_stub' build argument 'cmake_clean_first' from command line to 'False'
[0.481s] Level 5:colcon.colcon_core.verb:set package 'bldc_inwheel_driver_stub' build argument 'cmake_force_configure' from command line to 'False'
[0.481s] Level 5:colcon.colcon_core.verb:set package 'bldc_inwheel_driver_stub' build argument 'ament_cmake_args' from command line to 'None'
[0.481s] Level 5:colcon.colcon_core.verb:set package 'bldc_inwheel_driver_stub' build argument 'catkin_cmake_args' from command line to 'None'
[0.481s] Level 5:colcon.colcon_core.verb:set package 'bldc_inwheel_driver_stub' build argument 'catkin_skip_building_tests' from command line to 'False'
[0.481s] DEBUG:colcon.colcon_core.verb:Building package 'bldc_inwheel_driver_stub' with the following arguments: {'ament_cmake_args': None, 'build_base': '/home/parkmingwan/followingbot_ws/build/bldc_inwheel_driver_stub', 'catkin_cmake_args': None, 'catkin_skip_building_tests': False, 'cmake_args': None, 'cmake_clean_cache': False, 'cmake_clean_first': False, 'cmake_force_configure': False, 'cmake_target': None, 'cmake_target_skip_unavailable': False, 'install_base': '/home/parkmingwan/followingbot_ws/install/bldc_inwheel_driver_stub', 'merge_install': False, 'path': '/home/parkmingwan/followingbot_ws/src/bldc_inwheel_driver_stub', 'symlink_install': True, 'test_result_base': None}
[0.482s] Level 5:colcon.colcon_core.verb:set package 'followingbot_bridge' build argument 'cmake_args' from command line to 'None'
[0.482s] Level 5:colcon.colcon_core.verb:set package 'followingbot_bridge' build argument 'cmake_target' from command line to 'None'
[0.482s] Level 5:colcon.colcon_core.verb:set package 'followingbot_bridge' build argument 'cmake_target_skip_unavailable' from command line to 'False'
[0.482s] Level 5:colcon.colcon_core.verb:set package 'followingbot_bridge' build argument 'cmake_clean_cache' from command line to 'False'
[0.482s] Level 5:colcon.colcon_core.verb:set package 'followingbot_bridge' build argument 'cmake_clean_first' from command line to 'False'
[0.482s] Level 5:colcon.colcon_core.verb:set package 'followingbot_bridge' build argument 'cmake_force_configure' from command line to 'False'
[0.482s] Level 5:colcon.colcon_core.verb:set package 'followingbot_bridge' build argument 'ament_cmake_args' from command line to 'None'
[0.482s] Level 5:colcon.colcon_core.verb:set package 'followingbot_bridge' build argument 'catkin_cmake_args' from command line to 'None'
[0.482s] Level 5:colcon.colcon_core.verb:set package 'followingbot_bridge' build argument 'catkin_skip_building_tests' from command line to 'False'
[0.482s] DEBUG:colcon.colcon_core.verb:Building package 'followingbot_bridge' with the following arguments: {'ament_cmake_args': None, 'build_base': '/home/parkmingwan/followingbot_ws/build/followingbot_bridge', 'catkin_cmake_args': None, 'catkin_skip_building_tests': False, 'cmake_args': None, 'cmake_clean_cache': False, 'cmake_clean_first': False, 'cmake_force_configure': False, 'cmake_target': None, 'cmake_target_skip_unavailable': False, 'install_base': '/home/parkmingwan/followingbot_ws/install/followingbot_bridge', 'merge_install': False, 'path': '/home/parkmingwan/followingbot_ws/src/followingbot_bridge', 'symlink_install': True, 'test_result_base': None}
[0.482s] Level 5:colcon.colcon_core.verb:set package 'followingbot_bringup' build argument 'cmake_args' from command line to 'None'
[0.482s] Level 5:colcon.colcon_core.verb:set package 'followingbot_bringup' build argument 'cmake_target' from command line to 'None'
[0.482s] Level 5:colcon.colcon_core.verb:set package 'followingbot_bringup' build argument 'cmake_target_skip_unavailable' from command line to 'False'
[0.482s] Level 5:colcon.colcon_core.verb:set package 'followingbot_bringup' build argument 'cmake_clean_cache' from command line to 'False'
[0.482s] Level 5:colcon.colcon_core.verb:set package 'followingbot_bringup' build argument 'cmake_clean_first' from command line to 'False'
[0.482s] Level 5:colcon.colcon_core.verb:set package 'followingbot_bringup' build argument 'cmake_force_configure' from command line to 'False'
[0.482s] Level 5:colcon.colcon_core.verb:set package 'followingbot_bringup' build argument 'ament_cmake_args' from command line to 'None'
[0.482s] Level 5:colcon.colcon_core.verb:set package 'followingbot_bringup' build argument 'catkin_cmake_args' from command line to 'None'
[0.482s] Level 5:colcon.colcon_core.verb:set package 'followingbot_bringup' build argument 'catkin_skip_building_tests' from command line to 'False'
[0.482s] DEBUG:colcon.colcon_core.verb:Building package 'followingbot_bringup' with the following arguments: {'ament_cmake_args': None, 'build_base': '/home/parkmingwan/followingbot_ws/build/followingbot_bringup', 'catkin_cmake_args': None, 'catkin_skip_building_tests': False, 'cmake_args': None, 'cmake_clean_cache': False, 'cmake_clean_first': False, 'cmake_force_configure': False, 'cmake_target': None, 'cmake_target_skip_unavailable': False, 'install_base': '/home/parkmingwan/followingbot_ws/install/followingbot_bringup', 'merge_install': False, 'path': '/home/parkmingwan/followingbot_ws/src/followingbot_bringup', 'symlink_install': True, 'test_result_base': None}
[0.483s] Level 5:colcon.colcon_core.verb:set package 'followingbot_control' build argument 'cmake_args' from command line to 'None'
[0.483s] Level 5:colcon.colcon_core.verb:set package 'followingbot_control' build argument 'cmake_target' from command line to 'None'
[0.483s] Level 5:colcon.colcon_core.verb:set package 'followingbot_control' build argument 'cmake_target_skip_unavailable' from command line to 'False'
[0.483s] Level 5:colcon.colcon_core.verb:set package 'followingbot_control' build argument 'cmake_clean_cache' from command line to 'False'
[0.483s] Level 5:colcon.colcon_core.verb:set package 'followingbot_control' build argument 'cmake_clean_first' from command line to 'False'
[0.483s] Level 5:colcon.colcon_core.verb:set package 'followingbot_control' build argument 'cmake_force_configure' from command line to 'False'
[0.483s] Level 5:colcon.colcon_core.verb:set package 'followingbot_control' build argument 'ament_cmake_args' from command line to 'None'
[0.483s] Level 5:colcon.colcon_core.verb:set package 'followingbot_control' build argument 'catkin_cmake_args' from command line to 'None'
[0.483s] Level 5:colcon.colcon_core.verb:set package 'followingbot_control' build argument 'catkin_skip_building_tests' from command line to 'False'
[0.483s] DEBUG:colcon.colcon_core.verb:Building package 'followingbot_control' with the following arguments: {'ament_cmake_args': None, 'build_base': '/home/parkmingwan/followingbot_ws/build/followingbot_control', 'catkin_cmake_args': None, 'catkin_skip_building_tests': False, 'cmake_args': None, 'cmake_clean_cache': False, 'cmake_clean_first': False, 'cmake_force_configure': False, 'cmake_target': None, 'cmake_target_skip_unavailable': False, 'install_base': '/home/parkmingwan/followingbot_ws/install/followingbot_control', 'merge_install': False, 'path': '/home/parkmingwan/followingbot_ws/src/followingbot_control', 'symlink_install': True, 'test_result_base': None}
[0.483s] INFO:colcon.colcon_core.executor:Executing jobs using 'parallel' executor
[0.484s] DEBUG:colcon.colcon_parallel_executor.executor.parallel:run_until_complete
[0.484s] INFO:colcon.colcon_ros.task.ament_cmake.build:Building ROS package in '/home/parkmingwan/followingbot_ws/src/bldc_inwheel_driver_stub' with build type 'ament_cmake'
[0.484s] INFO:colcon.colcon_cmake.task.cmake.build:Building CMake package in '/home/parkmingwan/followingbot_ws/src/bldc_inwheel_driver_stub'
[0.492s] INFO:colcon.colcon_core.plugin_system:Skipping extension 'colcon_core.shell.bat': Not used on non-Windows systems
[0.492s] INFO:colcon.colcon_core.shell:Skip shell extension 'powershell' for command environment: Not usable outside of PowerShell
[0.492s] DEBUG:colcon.colcon_core.shell:Skip shell extension 'dsv' for command environment
[0.499s] INFO:colcon.colcon_ros.task.ament_python.build:Building ROS package in '/home/parkmingwan/followingbot_ws/src/followingbot_bridge' with build type 'ament_python'
[0.499s] Level 1:colcon.colcon_core.shell:create_environment_hook('followingbot_bridge', 'ament_prefix_path')
[0.500s] INFO:colcon.colcon_core.shell:Creating environment hook '/home/parkmingwan/followingbot_ws/install/followingbot_bridge/share/followingbot_bridge/hook/ament_prefix_path.ps1'
[0.502s] INFO:colcon.colcon_core.shell:Creating environment descriptor '/home/parkmingwan/followingbot_ws/install/followingbot_bridge/share/followingbot_bridge/hook/ament_prefix_path.dsv'
[0.503s] INFO:colcon.colcon_core.shell:Creating environment hook '/home/parkmingwan/followingbot_ws/install/followingbot_bridge/share/followingbot_bridge/hook/ament_prefix_path.sh'
[0.504s] INFO:colcon.colcon_core.shell:Skip shell extension 'powershell' for command environment: Not usable outside of PowerShell
[0.504s] DEBUG:colcon.colcon_core.shell:Skip shell extension 'dsv' for command environment
[0.508s] INFO:colcon.colcon_ros.task.ament_python.build:Building ROS package in '/home/parkmingwan/followingbot_ws/src/followingbot_bringup' with build type 'ament_python'
[0.508s] Level 1:colcon.colcon_core.shell:create_environment_hook('followingbot_bringup', 'ament_prefix_path')
[0.509s] INFO:colcon.colcon_core.shell:Creating environment hook '/home/parkmingwan/followingbot_ws/install/followingbot_bringup/share/followingbot_bringup/hook/ament_prefix_path.ps1'
[0.510s] INFO:colcon.colcon_core.shell:Creating environment descriptor '/home/parkmingwan/followingbot_ws/install/followingbot_bringup/share/followingbot_bringup/hook/ament_prefix_path.dsv'
[0.511s] INFO:colcon.colcon_core.shell:Creating environment hook '/home/parkmingwan/followingbot_ws/install/followingbot_bringup/share/followingbot_bringup/hook/ament_prefix_path.sh'
[0.512s] INFO:colcon.colcon_core.shell:Skip shell extension 'powershell' for command environment: Not usable outside of PowerShell
[0.512s] DEBUG:colcon.colcon_core.shell:Skip shell extension 'dsv' for command environment
[0.517s] INFO:colcon.colcon_ros.task.ament_cmake.build:Building ROS package in '/home/parkmingwan/followingbot_ws/src/followingbot_control' with build type 'ament_cmake'
[0.517s] INFO:colcon.colcon_cmake.task.cmake.build:Building CMake package in '/home/parkmingwan/followingbot_ws/src/followingbot_control'
[0.517s] INFO:colcon.colcon_core.shell:Skip shell extension 'powershell' for command environment: Not usable outside of PowerShell
[0.518s] DEBUG:colcon.colcon_core.shell:Skip shell extension 'dsv' for command environment
[0.525s] DEBUG:colcon.colcon_core.event_handler.log_command:Invoking command in '/home/parkmingwan/followingbot_ws/build/bldc_inwheel_driver_stub': CMAKE_PREFIX_PATH=${CMAKE_PREFIX_PATH}:/home/parkmingwan/ros2_ws/install/kroad:/opt/ros/jazzy DEBUGINFOD_URLS=https://debuginfod.ubuntu.com /usr/bin/cmake /home/parkmingwan/followingbot_ws/src/bldc_inwheel_driver_stub -DAMENT_CMAKE_SYMLINK_INSTALL=1 -DCMAKE_INSTALL_PREFIX=/home/parkmingwan/followingbot_ws/install/bldc_inwheel_driver_stub
[0.835s] INFO:colcon.colcon_core.task.python.build:Building Python package in '/home/parkmingwan/followingbot_ws/src/followingbot_bridge'
[0.836s] INFO:colcon.colcon_core.shell:Skip shell extension 'powershell' for command environment: Not usable outside of PowerShell
[0.836s] DEBUG:colcon.colcon_core.shell:Skip shell extension 'dsv' for command environment
[1.173s] INFO:colcon.colcon_core.task.python.build:Building Python package in '/home/parkmingwan/followingbot_ws/src/followingbot_bringup'
[1.173s] INFO:colcon.colcon_core.shell:Skip shell extension 'powershell' for command environment: Not usable outside of PowerShell
[1.173s] DEBUG:colcon.colcon_core.shell:Skip shell extension 'dsv' for command environment
[1.182s] DEBUG:colcon.colcon_core.event_handler.log_command:Invoking command in '/home/parkmingwan/followingbot_ws/build/followingbot_control': CMAKE_PREFIX_PATH=${CMAKE_PREFIX_PATH}:/home/parkmingwan/ros2_ws/install/kroad:/opt/ros/jazzy DEBUGINFOD_URLS=https://debuginfod.ubuntu.com /usr/bin/cmake /home/parkmingwan/followingbot_ws/src/followingbot_control -DAMENT_CMAKE_SYMLINK_INSTALL=1 -DCMAKE_INSTALL_PREFIX=/home/parkmingwan/followingbot_ws/install/followingbot_control
[2.246s] DEBUG:colcon.colcon_core.event_handler.log_command:Invoking command in '/home/parkmingwan/followingbot_ws/build/followingbot_bringup': DEBUGINFOD_URLS=https://debuginfod.ubuntu.com PYTHONPATH=/home/parkmingwan/followingbot_ws/build/followingbot_bringup/prefix_override:/usr/lib/python3/dist-packages/colcon_core/task/python/colcon_distutils_commands:/home/parkmingwan/followingbot_ws/install/followingbot_bringup/lib/python3.12/site-packages:${PYTHONPATH} /usr/bin/python3 -W ignore:setup.py install is deprecated -W ignore:easy_install command is deprecated setup.py develop --editable --build-directory /home/parkmingwan/followingbot_ws/build/followingbot_bringup/build --no-deps symlink_data
[2.248s] DEBUG:colcon.colcon_core.event_handler.log_command:Invoking command in '/home/parkmingwan/followingbot_ws/build/followingbot_bridge': DEBUGINFOD_URLS=https://debuginfod.ubuntu.com PYTHONPATH=/home/parkmingwan/followingbot_ws/build/followingbot_bridge/prefix_override:/usr/lib/python3/dist-packages/colcon_core/task/python/colcon_distutils_commands:/home/parkmingwan/followingbot_ws/install/followingbot_bridge/lib/python3.12/site-packages:${PYTHONPATH} /usr/bin/python3 -W ignore:setup.py install is deprecated -W ignore:easy_install command is deprecated setup.py develop --editable --build-directory /home/parkmingwan/followingbot_ws/build/followingbot_bridge/build --no-deps symlink_data
[2.496s] DEBUG:colcon.colcon_core.event_handler.log_command:Invoked command in '/home/parkmingwan/followingbot_ws/build/bldc_inwheel_driver_stub' returned '0': CMAKE_PREFIX_PATH=${CMAKE_PREFIX_PATH}:/home/parkmingwan/ros2_ws/install/kroad:/opt/ros/jazzy DEBUGINFOD_URLS=https://debuginfod.ubuntu.com /usr/bin/cmake /home/parkmingwan/followingbot_ws/src/bldc_inwheel_driver_stub -DAMENT_CMAKE_SYMLINK_INSTALL=1 -DCMAKE_INSTALL_PREFIX=/home/parkmingwan/followingbot_ws/install/bldc_inwheel_driver_stub
[2.497s] DEBUG:colcon.colcon_core.event_handler.log_command:Invoking command in '/home/parkmingwan/followingbot_ws/build/bldc_inwheel_driver_stub': CMAKE_PREFIX_PATH=${CMAKE_PREFIX_PATH}:/home/parkmingwan/ros2_ws/install/kroad:/opt/ros/jazzy DEBUGINFOD_URLS=https://debuginfod.ubuntu.com /usr/bin/cmake --build /home/parkmingwan/followingbot_ws/build/bldc_inwheel_driver_stub -- -j8 -l8
[3.676s] DEBUG:colcon.colcon_core.event_handler.log_command:Invoked command in '/home/parkmingwan/followingbot_ws/build/followingbot_control' returned '0': CMAKE_PREFIX_PATH=${CMAKE_PREFIX_PATH}:/home/parkmingwan/ros2_ws/install/kroad:/opt/ros/jazzy DEBUGINFOD_URLS=https://debuginfod.ubuntu.com /usr/bin/cmake /home/parkmingwan/followingbot_ws/src/followingbot_control -DAMENT_CMAKE_SYMLINK_INSTALL=1 -DCMAKE_INSTALL_PREFIX=/home/parkmingwan/followingbot_ws/install/followingbot_control
[3.679s] DEBUG:colcon.colcon_core.event_handler.log_command:Invoking command in '/home/parkmingwan/followingbot_ws/build/followingbot_control': CMAKE_PREFIX_PATH=${CMAKE_PREFIX_PATH}:/home/parkmingwan/ros2_ws/install/kroad:/opt/ros/jazzy DEBUGINFOD_URLS=https://debuginfod.ubuntu.com /usr/bin/cmake --build /home/parkmingwan/followingbot_ws/build/followingbot_control -- -j8 -l8
[3.747s] Level 1:colcon.colcon_core.shell:create_environment_hook('followingbot_bridge', 'pythonpath_develop')
[3.747s] INFO:colcon.colcon_core.shell:Creating environment hook '/home/parkmingwan/followingbot_ws/build/followingbot_bridge/share/followingbot_bridge/hook/pythonpath_develop.ps1'
[3.749s] DEBUG:colcon.colcon_core.event_handler.log_command:Invoked command in '/home/parkmingwan/followingbot_ws/build/followingbot_bridge' returned '0': DEBUGINFOD_URLS=https://debuginfod.ubuntu.com PYTHONPATH=/home/parkmingwan/followingbot_ws/build/followingbot_bridge/prefix_override:/usr/lib/python3/dist-packages/colcon_core/task/python/colcon_distutils_commands:/home/parkmingwan/followingbot_ws/install/followingbot_bridge/lib/python3.12/site-packages:${PYTHONPATH} /usr/bin/python3 -W ignore:setup.py install is deprecated -W ignore:easy_install command is deprecated setup.py develop --editable --build-directory /home/parkmingwan/followingbot_ws/build/followingbot_bridge/build --no-deps symlink_data
[3.750s] INFO:colcon.colcon_core.shell:Creating environment descriptor '/home/parkmingwan/followingbot_ws/build/followingbot_bridge/share/followingbot_bridge/hook/pythonpath_develop.dsv'
[3.752s] INFO:colcon.colcon_core.shell:Creating environment hook '/home/parkmingwan/followingbot_ws/build/followingbot_bridge/share/followingbot_bridge/hook/pythonpath_develop.sh'
[3.773s] Level 1:colcon.colcon_core.environment:checking '/home/parkmingwan/followingbot_ws/install/followingbot_bridge' for CMake module files
[3.774s] Level 1:colcon.colcon_core.environment:checking '/home/parkmingwan/followingbot_ws/install/followingbot_bridge' for CMake config files
[3.776s] Level 1:colcon.colcon_core.environment:checking '/home/parkmingwan/followingbot_ws/install/followingbot_bridge/lib'
[3.776s] Level 1:colcon.colcon_core.environment:checking '/home/parkmingwan/followingbot_ws/install/followingbot_bridge/bin'
[3.776s] Level 1:colcon.colcon_core.environment:checking '/home/parkmingwan/followingbot_ws/install/followingbot_bridge/lib/pkgconfig/followingbot_bridge.pc'
[3.777s] Level 1:colcon.colcon_core.environment:checking '/home/parkmingwan/followingbot_ws/install/followingbot_bridge/lib/python3.12/site-packages'
[3.777s] Level 1:colcon.colcon_core.shell:create_environment_hook('followingbot_bridge', 'pythonpath')
[3.778s] INFO:colcon.colcon_core.shell:Creating environment hook '/home/parkmingwan/followingbot_ws/install/followingbot_bridge/share/followingbot_bridge/hook/pythonpath.ps1'
[3.779s] INFO:colcon.colcon_core.shell:Creating environment descriptor '/home/parkmingwan/followingbot_ws/install/followingbot_bridge/share/followingbot_bridge/hook/pythonpath.dsv'
[3.779s] INFO:colcon.colcon_core.shell:Creating environment hook '/home/parkmingwan/followingbot_ws/install/followingbot_bridge/share/followingbot_bridge/hook/pythonpath.sh'
[3.781s] Level 1:colcon.colcon_core.environment:checking '/home/parkmingwan/followingbot_ws/install/followingbot_bridge/bin'
[3.781s] Level 1:colcon.colcon_core.environment:create_environment_scripts_only(followingbot_bridge)
[3.782s] INFO:colcon.colcon_core.shell:Creating package script '/home/parkmingwan/followingbot_ws/install/followingbot_bridge/share/followingbot_bridge/package.ps1'
[3.784s] INFO:colcon.colcon_core.shell:Creating package descriptor '/home/parkmingwan/followingbot_ws/install/followingbot_bridge/share/followingbot_bridge/package.dsv'
[3.785s] INFO:colcon.colcon_core.shell:Creating package script '/home/parkmingwan/followingbot_ws/install/followingbot_bridge/share/followingbot_bridge/package.sh'
[3.786s] INFO:colcon.colcon_core.shell:Creating package script '/home/parkmingwan/followingbot_ws/install/followingbot_bridge/share/followingbot_bridge/package.bash'
[3.787s] INFO:colcon.colcon_core.shell:Creating package script '/home/parkmingwan/followingbot_ws/install/followingbot_bridge/share/followingbot_bridge/package.zsh'
[3.788s] Level 1:colcon.colcon_core.environment:create_file_with_runtime_dependencies(/home/parkmingwan/followingbot_ws/install/followingbot_bridge/share/colcon-core/packages/followingbot_bridge)
[3.790s] Level 1:colcon.colcon_core.shell:create_environment_hook('followingbot_bringup', 'pythonpath_develop')
[3.790s] INFO:colcon.colcon_core.shell:Creating environment hook '/home/parkmingwan/followingbot_ws/build/followingbot_bringup/share/followingbot_bringup/hook/pythonpath_develop.ps1'
[3.792s] DEBUG:colcon.colcon_core.event_handler.log_command:Invoked command in '/home/parkmingwan/followingbot_ws/build/followingbot_bringup' returned '0': DEBUGINFOD_URLS=https://debuginfod.ubuntu.com PYTHONPATH=/home/parkmingwan/followingbot_ws/build/followingbot_bringup/prefix_override:/usr/lib/python3/dist-packages/colcon_core/task/python/colcon_distutils_commands:/home/parkmingwan/followingbot_ws/install/followingbot_bringup/lib/python3.12/site-packages:${PYTHONPATH} /usr/bin/python3 -W ignore:setup.py install is deprecated -W ignore:easy_install command is deprecated setup.py develop --editable --build-directory /home/parkmingwan/followingbot_ws/build/followingbot_bringup/build --no-deps symlink_data
[3.792s] INFO:colcon.colcon_core.shell:Creating environment descriptor '/home/parkmingwan/followingbot_ws/build/followingbot_bringup/share/followingbot_bringup/hook/pythonpath_develop.dsv'
[3.793s] INFO:colcon.colcon_core.shell:Creating environment hook '/home/parkmingwan/followingbot_ws/build/followingbot_bringup/share/followingbot_bringup/hook/pythonpath_develop.sh'
[3.795s] Level 1:colcon.colcon_core.environment:checking '/home/parkmingwan/followingbot_ws/install/followingbot_bringup' for CMake module files
[3.796s] Level 1:colcon.colcon_core.environment:checking '/home/parkmingwan/followingbot_ws/install/followingbot_bringup' for CMake config files
[3.798s] Level 1:colcon.colcon_core.environment:checking '/home/parkmingwan/followingbot_ws/install/followingbot_bringup/lib'
[3.798s] Level 1:colcon.colcon_core.environment:checking '/home/parkmingwan/followingbot_ws/install/followingbot_bringup/bin'
[3.798s] Level 1:colcon.colcon_core.environment:checking '/home/parkmingwan/followingbot_ws/install/followingbot_bringup/lib/pkgconfig/followingbot_bringup.pc'
[3.799s] Level 1:colcon.colcon_core.environment:checking '/home/parkmingwan/followingbot_ws/install/followingbot_bringup/lib/python3.12/site-packages'
[3.799s] Level 1:colcon.colcon_core.shell:create_environment_hook('followingbot_bringup', 'pythonpath')
[3.800s] INFO:colcon.colcon_core.shell:Creating environment hook '/home/parkmingwan/followingbot_ws/install/followingbot_bringup/share/followingbot_bringup/hook/pythonpath.ps1'
[3.801s] INFO:colcon.colcon_core.shell:Creating environment descriptor '/home/parkmingwan/followingbot_ws/install/followingbot_bringup/share/followingbot_bringup/hook/pythonpath.dsv'
[3.802s] INFO:colcon.colcon_core.shell:Creating environment hook '/home/parkmingwan/followingbot_ws/install/followingbot_bringup/share/followingbot_bringup/hook/pythonpath.sh'
[3.804s] Level 1:colcon.colcon_core.environment:checking '/home/parkmingwan/followingbot_ws/install/followingbot_bringup/bin'
[3.804s] Level 1:colcon.colcon_core.environment:create_environment_scripts_only(followingbot_bringup)
[3.805s] INFO:colcon.colcon_core.shell:Creating package script '/home/parkmingwan/followingbot_ws/install/followingbot_bringup/share/followingbot_bringup/package.ps1'
[3.806s] INFO:colcon.colcon_core.shell:Creating package descriptor '/home/parkmingwan/followingbot_ws/install/followingbot_bringup/share/followingbot_bringup/package.dsv'
[3.807s] INFO:colcon.colcon_core.shell:Creating package script '/home/parkmingwan/followingbot_ws/install/followingbot_bringup/share/followingbot_bringup/package.sh'
[3.809s] INFO:colcon.colcon_core.shell:Creating package script '/home/parkmingwan/followingbot_ws/install/followingbot_bringup/share/followingbot_bringup/package.bash'
[3.809s] INFO:colcon.colcon_core.shell:Creating package script '/home/parkmingwan/followingbot_ws/install/followingbot_bringup/share/followingbot_bringup/package.zsh'
[3.810s] Level 1:colcon.colcon_core.environment:create_file_with_runtime_dependencies(/home/parkmingwan/followingbot_ws/install/followingbot_bringup/share/colcon-core/packages/followingbot_bringup)
[15.144s] DEBUG:colcon.colcon_core.event_handler.log_command:Invoked command in '/home/parkmingwan/followingbot_ws/build/bldc_inwheel_driver_stub' returned '0': CMAKE_PREFIX_PATH=${CMAKE_PREFIX_PATH}:/home/parkmingwan/ros2_ws/install/kroad:/opt/ros/jazzy DEBUGINFOD_URLS=https://debuginfod.ubuntu.com /usr/bin/cmake --build /home/parkmingwan/followingbot_ws/build/bldc_inwheel_driver_stub -- -j8 -l8
[15.158s] DEBUG:colcon.colcon_core.event_handler.log_command:Invoking command in '/home/parkmingwan/followingbot_ws/build/bldc_inwheel_driver_stub': CMAKE_PREFIX_PATH=${CMAKE_PREFIX_PATH}:/home/parkmingwan/ros2_ws/install/kroad:/opt/ros/jazzy DEBUGINFOD_URLS=https://debuginfod.ubuntu.com /usr/bin/cmake --install /home/parkmingwan/followingbot_ws/build/bldc_inwheel_driver_stub
[15.329s] Level 1:colcon.colcon_core.environment:create_environment_scripts_only(bldc_inwheel_driver_stub)
[15.329s] Level 1:colcon.colcon_core.environment:checking '/home/parkmingwan/followingbot_ws/install/bldc_inwheel_driver_stub' for CMake module files
[15.330s] DEBUG:colcon.colcon_core.event_handler.log_command:Invoked command in '/home/parkmingwan/followingbot_ws/build/bldc_inwheel_driver_stub' returned '0': CMAKE_PREFIX_PATH=${CMAKE_PREFIX_PATH}:/home/parkmingwan/ros2_ws/install/kroad:/opt/ros/jazzy DEBUGINFOD_URLS=https://debuginfod.ubuntu.com /usr/bin/cmake --install /home/parkmingwan/followingbot_ws/build/bldc_inwheel_driver_stub
[15.331s] Level 1:colcon.colcon_core.environment:checking '/home/parkmingwan/followingbot_ws/install/bldc_inwheel_driver_stub' for CMake config files
[15.331s] Level 1:colcon.colcon_core.shell:create_environment_hook('bldc_inwheel_driver_stub', 'cmake_prefix_path')
[15.331s] INFO:colcon.colcon_core.shell:Creating environment hook '/home/parkmingwan/followingbot_ws/install/bldc_inwheel_driver_stub/share/bldc_inwheel_driver_stub/hook/cmake_prefix_path.ps1'
[15.332s] INFO:colcon.colcon_core.shell:Creating environment descriptor '/home/parkmingwan/followingbot_ws/install/bldc_inwheel_driver_stub/share/bldc_inwheel_driver_stub/hook/cmake_prefix_path.dsv'
[15.332s] INFO:colcon.colcon_core.shell:Creating environment hook '/home/parkmingwan/followingbot_ws/install/bldc_inwheel_driver_stub/share/bldc_inwheel_driver_stub/hook/cmake_prefix_path.sh'
[15.333s] Level 1:colcon.colcon_core.environment:checking '/home/parkmingwan/followingbot_ws/install/bldc_inwheel_driver_stub/lib'
[15.333s] Level 1:colcon.colcon_core.environment:checking '/home/parkmingwan/followingbot_ws/install/bldc_inwheel_driver_stub/bin'
[15.333s] Level 1:colcon.colcon_core.environment:checking '/home/parkmingwan/followingbot_ws/install/bldc_inwheel_driver_stub/lib/pkgconfig/bldc_inwheel_driver_stub.pc'
[15.333s] Level 1:colcon.colcon_core.environment:checking '/home/parkmingwan/followingbot_ws/install/bldc_inwheel_driver_stub/lib/python3.12/site-packages'
[15.333s] Level 1:colcon.colcon_core.environment:checking '/home/parkmingwan/followingbot_ws/install/bldc_inwheel_driver_stub/bin'
[15.334s] INFO:colcon.colcon_core.shell:Creating package script '/home/parkmingwan/followingbot_ws/install/bldc_inwheel_driver_stub/share/bldc_inwheel_driver_stub/package.ps1'
[15.334s] INFO:colcon.colcon_core.shell:Creating package descriptor '/home/parkmingwan/followingbot_ws/install/bldc_inwheel_driver_stub/share/bldc_inwheel_driver_stub/package.dsv'
[15.335s] INFO:colcon.colcon_core.shell:Creating package script '/home/parkmingwan/followingbot_ws/install/bldc_inwheel_driver_stub/share/bldc_inwheel_driver_stub/package.sh'
[15.335s] INFO:colcon.colcon_core.shell:Creating package script '/home/parkmingwan/followingbot_ws/install/bldc_inwheel_driver_stub/share/bldc_inwheel_driver_stub/package.bash'
[15.336s] INFO:colcon.colcon_core.shell:Creating package script '/home/parkmingwan/followingbot_ws/install/bldc_inwheel_driver_stub/share/bldc_inwheel_driver_stub/package.zsh'
[15.336s] Level 1:colcon.colcon_core.environment:create_file_with_runtime_dependencies(/home/parkmingwan/followingbot_ws/install/bldc_inwheel_driver_stub/share/colcon-core/packages/bldc_inwheel_driver_stub)
[15.337s] Level 1:colcon.colcon_core.environment:create_environment_scripts_only(bldc_inwheel_driver_stub)
[15.337s] Level 1:colcon.colcon_core.environment:checking '/home/parkmingwan/followingbot_ws/install/bldc_inwheel_driver_stub' for CMake module files
[15.338s] Level 1:colcon.colcon_core.environment:checking '/home/parkmingwan/followingbot_ws/install/bldc_inwheel_driver_stub' for CMake config files
[15.338s] Level 1:colcon.colcon_core.shell:create_environment_hook('bldc_inwheel_driver_stub', 'cmake_prefix_path')
[15.338s] INFO:colcon.colcon_core.shell:Creating environment hook '/home/parkmingwan/followingbot_ws/install/bldc_inwheel_driver_stub/share/bldc_inwheel_driver_stub/hook/cmake_prefix_path.ps1'
[15.339s] INFO:colcon.colcon_core.shell:Creating environment descriptor '/home/parkmingwan/followingbot_ws/install/bldc_inwheel_driver_stub/share/bldc_inwheel_driver_stub/hook/cmake_prefix_path.dsv'
[15.339s] INFO:colcon.colcon_core.shell:Creating environment hook '/home/parkmingwan/followingbot_ws/install/bldc_inwheel_driver_stub/share/bldc_inwheel_driver_stub/hook/cmake_prefix_path.sh'
[15.340s] Level 1:colcon.colcon_core.environment:checking '/home/parkmingwan/followingbot_ws/install/bldc_inwheel_driver_stub/lib'
[15.341s] Level 1:colcon.colcon_core.environment:checking '/home/parkmingwan/followingbot_ws/install/bldc_inwheel_driver_stub/bin'
[15.341s] Level 1:colcon.colcon_core.environment:checking '/home/parkmingwan/followingbot_ws/install/bldc_inwheel_driver_stub/lib/pkgconfig/bldc_inwheel_driver_stub.pc'
[15.341s] Level 1:colcon.colcon_core.environment:checking '/home/parkmingwan/followingbot_ws/install/bldc_inwheel_driver_stub/lib/python3.12/site-packages'
[15.341s] Level 1:colcon.colcon_core.environment:checking '/home/parkmingwan/followingbot_ws/install/bldc_inwheel_driver_stub/bin'
[15.342s] INFO:colcon.colcon_core.shell:Creating package script '/home/parkmingwan/followingbot_ws/install/bldc_inwheel_driver_stub/share/bldc_inwheel_driver_stub/package.ps1'
[15.342s] INFO:colcon.colcon_core.shell:Creating package descriptor '/home/parkmingwan/followingbot_ws/install/bldc_inwheel_driver_stub/share/bldc_inwheel_driver_stub/package.dsv'
[15.343s] INFO:colcon.colcon_core.shell:Creating package script '/home/parkmingwan/followingbot_ws/install/bldc_inwheel_driver_stub/share/bldc_inwheel_driver_stub/package.sh'
[15.344s] INFO:colcon.colcon_core.shell:Creating package script '/home/parkmingwan/followingbot_ws/install/bldc_inwheel_driver_stub/share/bldc_inwheel_driver_stub/package.bash'
[15.344s] INFO:colcon.colcon_core.shell:Creating package script '/home/parkmingwan/followingbot_ws/install/bldc_inwheel_driver_stub/share/bldc_inwheel_driver_stub/package.zsh'
[15.345s] Level 1:colcon.colcon_core.environment:create_file_with_runtime_dependencies(/home/parkmingwan/followingbot_ws/install/bldc_inwheel_driver_stub/share/colcon-core/packages/bldc_inwheel_driver_stub)
[22.642s] DEBUG:colcon.colcon_core.event_handler.log_command:Invoked command in '/home/parkmingwan/followingbot_ws/build/followingbot_control' returned '0': CMAKE_PREFIX_PATH=${CMAKE_PREFIX_PATH}:/home/parkmingwan/ros2_ws/install/kroad:/opt/ros/jazzy DEBUGINFOD_URLS=https://debuginfod.ubuntu.com /usr/bin/cmake --build /home/parkmingwan/followingbot_ws/build/followingbot_control -- -j8 -l8
[22.643s] DEBUG:colcon.colcon_core.event_handler.log_command:Invoking command in '/home/parkmingwan/followingbot_ws/build/followingbot_control': CMAKE_PREFIX_PATH=${CMAKE_PREFIX_PATH}:/home/parkmingwan/ros2_ws/install/kroad:/opt/ros/jazzy DEBUGINFOD_URLS=https://debuginfod.ubuntu.com /usr/bin/cmake --install /home/parkmingwan/followingbot_ws/build/followingbot_control
[22.848s] Level 1:colcon.colcon_core.environment:create_environment_scripts_only(followingbot_control)
[22.848s] DEBUG:colcon.colcon_core.event_handler.log_command:Invoked command in '/home/parkmingwan/followingbot_ws/build/followingbot_control' returned '0': CMAKE_PREFIX_PATH=${CMAKE_PREFIX_PATH}:/home/parkmingwan/ros2_ws/install/kroad:/opt/ros/jazzy DEBUGINFOD_URLS=https://debuginfod.ubuntu.com /usr/bin/cmake --install /home/parkmingwan/followingbot_ws/build/followingbot_control
[22.848s] Level 1:colcon.colcon_core.environment:checking '/home/parkmingwan/followingbot_ws/install/followingbot_control' for CMake module files
[22.849s] Level 1:colcon.colcon_core.environment:checking '/home/parkmingwan/followingbot_ws/install/followingbot_control' for CMake config files
[22.849s] Level 1:colcon.colcon_core.shell:create_environment_hook('followingbot_control', 'cmake_prefix_path')
[22.849s] INFO:colcon.colcon_core.shell:Creating environment hook '/home/parkmingwan/followingbot_ws/install/followingbot_control/share/followingbot_control/hook/cmake_prefix_path.ps1'
[22.850s] INFO:colcon.colcon_core.shell:Creating environment descriptor '/home/parkmingwan/followingbot_ws/install/followingbot_control/share/followingbot_control/hook/cmake_prefix_path.dsv'
[22.850s] INFO:colcon.colcon_core.shell:Creating environment hook '/home/parkmingwan/followingbot_ws/install/followingbot_control/share/followingbot_control/hook/cmake_prefix_path.sh'
[22.851s] Level 1:colcon.colcon_core.environment:checking '/home/parkmingwan/followingbot_ws/install/followingbot_control/lib'
[22.851s] Level 1:colcon.colcon_core.environment:checking '/home/parkmingwan/followingbot_ws/install/followingbot_control/bin'
[22.851s] Level 1:colcon.colcon_core.environment:checking '/home/parkmingwan/followingbot_ws/install/followingbot_control/lib/pkgconfig/followingbot_control.pc'
[22.851s] Level 1:colcon.colcon_core.environment:checking '/home/parkmingwan/followingbot_ws/install/followingbot_control/lib/python3.12/site-packages'
[22.851s] Level 1:colcon.colcon_core.environment:checking '/home/parkmingwan/followingbot_ws/install/followingbot_control/bin'
[22.852s] INFO:colcon.colcon_core.shell:Creating package script '/home/parkmingwan/followingbot_ws/install/followingbot_control/share/followingbot_control/package.ps1'
[22.852s] INFO:colcon.colcon_core.shell:Creating package descriptor '/home/parkmingwan/followingbot_ws/install/followingbot_control/share/followingbot_control/package.dsv'
[22.852s] INFO:colcon.colcon_core.shell:Creating package script '/home/parkmingwan/followingbot_ws/install/followingbot_control/share/followingbot_control/package.sh'
[22.853s] INFO:colcon.colcon_core.shell:Creating package script '/home/parkmingwan/followingbot_ws/install/followingbot_control/share/followingbot_control/package.bash'
[22.853s] INFO:colcon.colcon_core.shell:Creating package script '/home/parkmingwan/followingbot_ws/install/followingbot_control/share/followingbot_control/package.zsh'
[22.853s] Level 1:colcon.colcon_core.environment:create_file_with_runtime_dependencies(/home/parkmingwan/followingbot_ws/install/followingbot_control/share/colcon-core/packages/followingbot_control)
[22.854s] Level 1:colcon.colcon_core.environment:create_environment_scripts_only(followingbot_control)
[22.854s] Level 1:colcon.colcon_core.environment:checking '/home/parkmingwan/followingbot_ws/install/followingbot_control' for CMake module files
[22.854s] Level 1:colcon.colcon_core.environment:checking '/home/parkmingwan/followingbot_ws/install/followingbot_control' for CMake config files
[22.855s] Level 1:colcon.colcon_core.shell:create_environment_hook('followingbot_control', 'cmake_prefix_path')
[22.855s] INFO:colcon.colcon_core.shell:Creating environment hook '/home/parkmingwan/followingbot_ws/install/followingbot_control/share/followingbot_control/hook/cmake_prefix_path.ps1'
[22.855s] INFO:colcon.colcon_core.shell:Creating environment descriptor '/home/parkmingwan/followingbot_ws/install/followingbot_control/share/followingbot_control/hook/cmake_prefix_path.dsv'
[22.855s] INFO:colcon.colcon_core.shell:Creating environment hook '/home/parkmingwan/followingbot_ws/install/followingbot_control/share/followingbot_control/hook/cmake_prefix_path.sh'
[22.856s] Level 1:colcon.colcon_core.environment:checking '/home/parkmingwan/followingbot_ws/install/followingbot_control/lib'
[22.856s] Level 1:colcon.colcon_core.environment:checking '/home/parkmingwan/followingbot_ws/install/followingbot_control/bin'
[22.856s] Level 1:colcon.colcon_core.environment:checking '/home/parkmingwan/followingbot_ws/install/followingbot_control/lib/pkgconfig/followingbot_control.pc'
[22.856s] Level 1:colcon.colcon_core.environment:checking '/home/parkmingwan/followingbot_ws/install/followingbot_control/lib/python3.12/site-packages'
[22.857s] Level 1:colcon.colcon_core.environment:checking '/home/parkmingwan/followingbot_ws/install/followingbot_control/bin'
[22.857s] INFO:colcon.colcon_core.shell:Creating package script '/home/parkmingwan/followingbot_ws/install/followingbot_control/share/followingbot_control/package.ps1'
[22.857s] INFO:colcon.colcon_core.shell:Creating package descriptor '/home/parkmingwan/followingbot_ws/install/followingbot_control/share/followingbot_control/package.dsv'
[22.858s] INFO:colcon.colcon_core.shell:Creating package script '/home/parkmingwan/followingbot_ws/install/followingbot_control/share/followingbot_control/package.sh'
[22.858s] INFO:colcon.colcon_core.shell:Creating package script '/home/parkmingwan/followingbot_ws/install/followingbot_control/share/followingbot_control/package.bash'
[22.859s] INFO:colcon.colcon_core.shell:Creating package script '/home/parkmingwan/followingbot_ws/install/followingbot_control/share/followingbot_control/package.zsh'
[22.859s] Level 1:colcon.colcon_core.environment:create_file_with_runtime_dependencies(/home/parkmingwan/followingbot_ws/install/followingbot_control/share/colcon-core/packages/followingbot_control)
[22.860s] DEBUG:colcon.colcon_parallel_executor.executor.parallel:closing loop
[22.860s] DEBUG:colcon.colcon_parallel_executor.executor.parallel:loop closed
[22.860s] DEBUG:colcon.colcon_parallel_executor.executor.parallel:run_until_complete finished with '0'
[22.860s] DEBUG:colcon.colcon_core.event_reactor:joining thread
[22.874s] INFO:colcon.colcon_core.plugin_system:Skipping extension 'colcon_notification.desktop_notification.terminal_notifier': Not used on non-Darwin systems
[22.874s] INFO:colcon.colcon_core.plugin_system:Skipping extension 'colcon_notification.desktop_notification.win32': Not used on non-Windows systems
[22.874s] INFO:colcon.colcon_notification.desktop_notification:Sending desktop notification using 'notify2'
[22.904s] DEBUG:colcon.colcon_core.event_reactor:joined thread
[22.904s] INFO:colcon.colcon_core.shell:Creating prefix script '/home/parkmingwan/followingbot_ws/install/local_setup.ps1'
[22.906s] INFO:colcon.colcon_core.shell:Creating prefix util module '/home/parkmingwan/followingbot_ws/install/_local_setup_util_ps1.py'
[22.908s] INFO:colcon.colcon_core.shell:Creating prefix chain script '/home/parkmingwan/followingbot_ws/install/setup.ps1'
[22.909s] INFO:colcon.colcon_core.shell:Creating prefix script '/home/parkmingwan/followingbot_ws/install/local_setup.sh'
[22.910s] INFO:colcon.colcon_core.shell:Creating prefix util module '/home/parkmingwan/followingbot_ws/install/_local_setup_util_sh.py'
[22.910s] INFO:colcon.colcon_core.shell:Creating prefix chain script '/home/parkmingwan/followingbot_ws/install/setup.sh'
[22.913s] INFO:colcon.colcon_core.shell:Creating prefix script '/home/parkmingwan/followingbot_ws/install/local_setup.bash'
[22.914s] INFO:colcon.colcon_core.shell:Creating prefix chain script '/home/parkmingwan/followingbot_ws/install/setup.bash'
[22.916s] INFO:colcon.colcon_core.shell:Creating prefix script '/home/parkmingwan/followingbot_ws/install/local_setup.zsh'
[22.917s] INFO:colcon.colcon_core.shell:Creating prefix chain script '/home/parkmingwan/followingbot_ws/install/setup.zsh'
