-- The C compiler identification is GNU 13.3.0
-- The CXX compiler identification is GNU 13.3.0
-- Detecting C compiler ABI info
-- Detecting C compiler ABI info - done
-- Check for working C compiler: /usr/bin/cc - skipped
-- Detecting C compile features
-- Detecting C compile features - done
-- Detecting CXX compiler ABI info
-- Detecting CXX compiler ABI info - done
-- Check for working CXX compiler: /usr/bin/c++ - skipped
-- Detecting CXX compile features
-- Detecting CXX compile features - done
-- Found ament_cmake: 2.5.5 (/opt/ros/jazzy/share/ament_cmake/cmake)
-- Found Python3: /usr/bin/python3 (found version "3.12.3") found components: Interpreter 
-- Override CMake install command with custom implementation using symlinks instead of copying resources
-- Found rclcpp: 28.1.16 (/opt/ros/jazzy/share/rclcpp/cmake)
-- Found rosidl_generator_c: 4.6.7 (/opt/ros/jazzy/share/rosidl_generator_c/cmake)
-- Found rosidl_generator_cpp: 4.6.7 (/opt/ros/jazzy/share/rosidl_generator_cpp/cmake)
-- Using all available rosidl_typesupport_c: rosidl_typesupport_fastrtps_c;rosidl_typesupport_introspection_c
-- Using all available rosidl_typesupport_cpp: rosidl_typesupport_fastrtps_cpp;rosidl_typesupport_introspection_cpp
-- Found rmw_implementation_cmake: 7.3.3 (/opt/ros/jazzy/share/rmw_implementation_cmake/cmake)
-- Found rmw_fastrtps_cpp: 8.4.3 (/opt/ros/jazzy/share/rmw_fastrtps_cpp/cmake)
-- Found OpenSSL: /usr/lib/x86_64-linux-gnu/libcrypto.so (found version "3.0.13")  
-- Found FastRTPS: /opt/ros/jazzy/include (Required is at least version "2.13") 
-- Using RMW implementation 'rmw_fastrtps_cpp' as default
-- Found nav_msgs: 5.3.6 (/opt/ros/jazzy/share/nav_msgs/cmake)
-- Found tf2: 0.36.19 (/opt/ros/jazzy/share/tf2/cmake)
-- Found tf2_geometry_msgs: 0.36.19 (/opt/ros/jazzy/share/tf2_geometry_msgs/cmake)
-- Found eigen3_cmake_module: 0.3.0 (/opt/ros/jazzy/share/eigen3_cmake_module/cmake)
-- Found Eigen3: TRUE (found version "3.4.0") 
-- Ensuring Eigen3 include directory is part of orocos-kdl CMake target
-- Configuring done (2.4s)
-- Generating done (0.0s)
-- Build files have been written to: /home/parkmingwan/followingbot_ws/build/followingbot_control
[ 50%] [32mBuilding CXX object CMakeFiles/car_control_node.dir/src/car_control.cpp.o[0m
[100%] [32m[1mLinking CXX executable car_control_node[0m
[100%] Built target car_control_node
-- Install configuration: ""
-- Execute custom install script
-- Symlinking: /home/parkmingwan/followingbot_ws/install/followingbot_control/lib/followingbot_control/car_control_node
-- Symlinking: /home/parkmingwan/followingbot_ws/install/followingbot_control/include/followingbot_control/PIDController.hpp
-- Symlinking: /home/parkmingwan/followingbot_ws/install/followingbot_control/include/followingbot_control/lat_control.hpp
-- Symlinking: /home/parkmingwan/followingbot_ws/install/followingbot_control/include/followingbot_control/lon_control.hpp
-- Symlinking: /home/parkmingwan/followingbot_ws/install/followingbot_control/share/followingbot_control/config/control.yaml
-- Symlinking: /home/parkmingwan/followingbot_ws/install/followingbot_control/share/followingbot_control/launch/test_control.launch.py
-- Symlinking: /home/parkmingwan/followingbot_ws/install/followingbot_control/share/ament_index/resource_index/package_run_dependencies/followingbot_control
-- Symlinking: /home/parkmingwan/followingbot_ws/install/followingbot_control/share/ament_index/resource_index/parent_prefix_path/followingbot_control
-- Symlinking: /home/parkmingwan/followingbot_ws/install/followingbot_control/share/followingbot_control/environment/ament_prefix_path.sh
-- Symlinking: /home/parkmingwan/followingbot_ws/install/followingbot_control/share/followingbot_control/environment/ament_prefix_path.dsv
-- Symlinking: /home/parkmingwan/followingbot_ws/install/followingbot_control/share/followingbot_control/environment/path.sh
-- Symlinking: /home/parkmingwan/followingbot_ws/install/followingbot_control/share/followingbot_control/environment/path.dsv
-- Symlinking: /home/parkmingwan/followingbot_ws/install/followingbot_control/share/followingbot_control/local_setup.bash
-- Symlinking: /home/parkmingwan/followingbot_ws/install/followingbot_control/share/followingbot_control/local_setup.sh
-- Symlinking: /home/parkmingwan/followingbot_ws/install/followingbot_control/share/followingbot_control/local_setup.zsh
-- Symlinking: /home/parkmingwan/followingbot_ws/install/followingbot_control/share/followingbot_control/local_setup.dsv
-- Symlinking: /home/parkmingwan/followingbot_ws/install/followingbot_control/share/followingbot_control/package.dsv
-- Symlinking: /home/parkmingwan/followingbot_ws/install/followingbot_control/share/ament_index/resource_index/packages/followingbot_control
-- Symlinking: /home/parkmingwan/followingbot_ws/install/followingbot_control/share/followingbot_control/cmake/followingbot_controlConfig.cmake
-- Symlinking: /home/parkmingwan/followingbot_ws/install/followingbot_control/share/followingbot_control/cmake/followingbot_controlConfig-version.cmake
-- Symlinking: /home/parkmingwan/followingbot_ws/install/followingbot_control/share/followingbot_control/package.xml
