[0.665s] Invoking command in '/home/parkmingwan/followingbot_ws/build/followingbot_control': CMAKE_PREFIX_PATH=${CMAKE_PREFIX_PATH}:/home/parkmingwan/ros2_ws/install/kroad:/opt/ros/jazzy DEBUGINFOD_URLS=https://debuginfod.ubuntu.com /usr/bin/cmake /home/parkmingwan/followingbot_ws/src/followingbot_control -DAMENT_CMAKE_SYMLINK_INSTALL=1 -DCMAKE_INSTALL_PREFIX=/home/parkmingwan/followingbot_ws/install/followingbot_control
[0.748s] -- The C compiler identification is GNU 13.3.0
[0.839s] -- The CXX compiler identification is GNU 13.3.0
[0.857s] -- Detecting C compiler ABI info
[0.957s] -- Detecting C compiler ABI info - done
[0.978s] -- Check for working C compiler: /usr/bin/cc - skipped
[0.978s] -- Detecting C compile features
[0.979s] -- Detecting C compile features - done
[0.994s] -- Detecting CXX compiler ABI info
[1.107s] -- Detecting CXX compiler ABI info - done
[1.128s] -- Check for working CXX compiler: /usr/bin/c++ - skipped
[1.129s] -- Detecting CXX compile features
[1.129s] -- Detecting CXX compile features - done
[1.134s] -- Found ament_cmake: 2.5.5 (/opt/ros/jazzy/share/ament_cmake/cmake)
[1.342s] -- Found Python3: /usr/bin/python3 (found version "3.12.3") found components: Interpreter 
[1.454s] -- Override CMake install command with custom implementation using symlinks instead of copying resources
[1.506s] -- Found rclcpp: 28.1.16 (/opt/ros/jazzy/share/rclcpp/cmake)
[1.563s] -- Found rosidl_generator_c: 4.6.7 (/opt/ros/jazzy/share/rosidl_generator_c/cmake)
[1.589s] -- Found rosidl_generator_cpp: 4.6.7 (/opt/ros/jazzy/share/rosidl_generator_cpp/cmake)
[1.626s] -- Using all available rosidl_typesupport_c: rosidl_typesupport_fastrtps_c;rosidl_typesupport_introspection_c
[1.672s] -- Using all available rosidl_typesupport_cpp: rosidl_typesupport_fastrtps_cpp;rosidl_typesupport_introspection_cpp
[1.859s] -- Found rmw_implementation_cmake: 7.3.3 (/opt/ros/jazzy/share/rmw_implementation_cmake/cmake)
[1.865s] -- Found rmw_fastrtps_cpp: 8.4.3 (/opt/ros/jazzy/share/rmw_fastrtps_cpp/cmake)
[2.010s] -- Found OpenSSL: /usr/lib/x86_64-linux-gnu/libcrypto.so (found version "3.0.13")  
[2.049s] -- Found FastRTPS: /opt/ros/jazzy/include (Required is at least version "2.13") 
[2.109s] -- Using RMW implementation 'rmw_fastrtps_cpp' as default
[2.280s] -- Found nav_msgs: 5.3.6 (/opt/ros/jazzy/share/nav_msgs/cmake)
[2.424s] -- Found tf2: 0.36.19 (/opt/ros/jazzy/share/tf2/cmake)
[2.430s] -- Found tf2_geometry_msgs: 0.36.19 (/opt/ros/jazzy/share/tf2_geometry_msgs/cmake)
[2.469s] -- Found eigen3_cmake_module: 0.3.0 (/opt/ros/jazzy/share/eigen3_cmake_module/cmake)
[2.472s] -- Found Eigen3: TRUE (found version "3.4.0") 
[2.472s] -- Ensuring Eigen3 include directory is part of orocos-kdl CMake target
[3.052s] -- Configuring done (2.4s)
[3.090s] -- Generating done (0.0s)
[3.106s] -- Build files have been written to: /home/parkmingwan/followingbot_ws/build/followingbot_control
[3.159s] Invoked command in '/home/parkmingwan/followingbot_ws/build/followingbot_control' returned '0': CMAKE_PREFIX_PATH=${CMAKE_PREFIX_PATH}:/home/parkmingwan/ros2_ws/install/kroad:/opt/ros/jazzy DEBUGINFOD_URLS=https://debuginfod.ubuntu.com /usr/bin/cmake /home/parkmingwan/followingbot_ws/src/followingbot_control -DAMENT_CMAKE_SYMLINK_INSTALL=1 -DCMAKE_INSTALL_PREFIX=/home/parkmingwan/followingbot_ws/install/followingbot_control
[3.162s] Invoking command in '/home/parkmingwan/followingbot_ws/build/followingbot_control': CMAKE_PREFIX_PATH=${CMAKE_PREFIX_PATH}:/home/parkmingwan/ros2_ws/install/kroad:/opt/ros/jazzy DEBUGINFOD_URLS=https://debuginfod.ubuntu.com /usr/bin/cmake --build /home/parkmingwan/followingbot_ws/build/followingbot_control -- -j8 -l8
[3.292s] [ 50%] [32mBuilding CXX object CMakeFiles/car_control_node.dir/src/car_control.cpp.o[0m
[21.268s] [100%] [32m[1mLinking CXX executable car_control_node[0m
[22.115s] [100%] Built target car_control_node
[22.125s] Invoked command in '/home/parkmingwan/followingbot_ws/build/followingbot_control' returned '0': CMAKE_PREFIX_PATH=${CMAKE_PREFIX_PATH}:/home/parkmingwan/ros2_ws/install/kroad:/opt/ros/jazzy DEBUGINFOD_URLS=https://debuginfod.ubuntu.com /usr/bin/cmake --build /home/parkmingwan/followingbot_ws/build/followingbot_control -- -j8 -l8
[22.127s] Invoking command in '/home/parkmingwan/followingbot_ws/build/followingbot_control': CMAKE_PREFIX_PATH=${CMAKE_PREFIX_PATH}:/home/parkmingwan/ros2_ws/install/kroad:/opt/ros/jazzy DEBUGINFOD_URLS=https://debuginfod.ubuntu.com /usr/bin/cmake --install /home/parkmingwan/followingbot_ws/build/followingbot_control
[22.134s] -- Install configuration: ""
[22.134s] -- Execute custom install script
[22.134s] -- Symlinking: /home/parkmingwan/followingbot_ws/install/followingbot_control/lib/followingbot_control/car_control_node
[22.146s] -- Symlinking: /home/parkmingwan/followingbot_ws/install/followingbot_control/include/followingbot_control/PIDController.hpp
[22.158s] -- Symlinking: /home/parkmingwan/followingbot_ws/install/followingbot_control/include/followingbot_control/lat_control.hpp
[22.168s] -- Symlinking: /home/parkmingwan/followingbot_ws/install/followingbot_control/include/followingbot_control/lon_control.hpp
[22.177s] -- Symlinking: /home/parkmingwan/followingbot_ws/install/followingbot_control/share/followingbot_control/config/control.yaml
[22.187s] -- Symlinking: /home/parkmingwan/followingbot_ws/install/followingbot_control/share/followingbot_control/launch/test_control.launch.py
[22.197s] -- Symlinking: /home/parkmingwan/followingbot_ws/install/followingbot_control/share/ament_index/resource_index/package_run_dependencies/followingbot_control
[22.205s] -- Symlinking: /home/parkmingwan/followingbot_ws/install/followingbot_control/share/ament_index/resource_index/parent_prefix_path/followingbot_control
[22.215s] -- Symlinking: /home/parkmingwan/followingbot_ws/install/followingbot_control/share/followingbot_control/environment/ament_prefix_path.sh
[22.223s] -- Symlinking: /home/parkmingwan/followingbot_ws/install/followingbot_control/share/followingbot_control/environment/ament_prefix_path.dsv
[22.231s] -- Symlinking: /home/parkmingwan/followingbot_ws/install/followingbot_control/share/followingbot_control/environment/path.sh
[22.238s] -- Symlinking: /home/parkmingwan/followingbot_ws/install/followingbot_control/share/followingbot_control/environment/path.dsv
[22.247s] -- Symlinking: /home/parkmingwan/followingbot_ws/install/followingbot_control/share/followingbot_control/local_setup.bash
[22.256s] -- Symlinking: /home/parkmingwan/followingbot_ws/install/followingbot_control/share/followingbot_control/local_setup.sh
[22.268s] -- Symlinking: /home/parkmingwan/followingbot_ws/install/followingbot_control/share/followingbot_control/local_setup.zsh
[22.277s] -- Symlinking: /home/parkmingwan/followingbot_ws/install/followingbot_control/share/followingbot_control/local_setup.dsv
[22.286s] -- Symlinking: /home/parkmingwan/followingbot_ws/install/followingbot_control/share/followingbot_control/package.dsv
[22.297s] -- Symlinking: /home/parkmingwan/followingbot_ws/install/followingbot_control/share/ament_index/resource_index/packages/followingbot_control
[22.304s] -- Symlinking: /home/parkmingwan/followingbot_ws/install/followingbot_control/share/followingbot_control/cmake/followingbot_controlConfig.cmake
[22.314s] -- Symlinking: /home/parkmingwan/followingbot_ws/install/followingbot_control/share/followingbot_control/cmake/followingbot_controlConfig-version.cmake
[22.322s] -- Symlinking: /home/parkmingwan/followingbot_ws/install/followingbot_control/share/followingbot_control/package.xml
[22.331s] Invoked command in '/home/parkmingwan/followingbot_ws/build/followingbot_control' returned '0': CMAKE_PREFIX_PATH=${CMAKE_PREFIX_PATH}:/home/parkmingwan/ros2_ws/install/kroad:/opt/ros/jazzy DEBUGINFOD_URLS=https://debuginfod.ubuntu.com /usr/bin/cmake --install /home/parkmingwan/followingbot_ws/build/followingbot_control
