-- The C compiler identification is GNU 13.3.0
-- The CXX compiler identification is GNU 13.3.0
-- Detecting C compiler ABI info
-- Detecting C compiler ABI info - done
-- Check for working C compiler: /usr/bin/cc - skipped
-- Detecting C compile features
-- Detecting C compile features - done
-- Detecting CXX compiler ABI info
-- Detecting CXX compiler ABI info - done
-- Check for working CXX compiler: /usr/bin/c++ - skipped
-- Detecting CXX compile features
-- Detecting CXX compile features - done
-- Found ament_cmake: 2.5.5 (/opt/ros/jazzy/share/ament_cmake/cmake)
-- Found Python3: /usr/bin/python3 (found version "3.12.3") found components: Interpreter 
-- Override CMake install command with custom implementation using symlinks instead of copying resources
-- Found rclcpp: 28.1.16 (/opt/ros/jazzy/share/rclcpp/cmake)
-- Found rosidl_generator_c: 4.6.7 (/opt/ros/jazzy/share/rosidl_generator_c/cmake)
-- Found rosidl_generator_cpp: 4.6.7 (/opt/ros/jazzy/share/rosidl_generator_cpp/cmake)
-- Using all available rosidl_typesupport_c: rosidl_typesupport_fastrtps_c;rosidl_typesupport_introspection_c
-- Using all available rosidl_typesupport_cpp: rosidl_typesupport_fastrtps_cpp;rosidl_typesupport_introspection_cpp
-- Found rmw_implementation_cmake: 7.3.3 (/opt/ros/jazzy/share/rmw_implementation_cmake/cmake)
-- Found rmw_fastrtps_cpp: 8.4.3 (/opt/ros/jazzy/share/rmw_fastrtps_cpp/cmake)
-- Found OpenSSL: /usr/lib/x86_64-linux-gnu/libcrypto.so (found version "3.0.13")  
-- Found FastRTPS: /opt/ros/jazzy/include (Required is at least version "2.13") 
-- Using RMW implementation 'rmw_fastrtps_cpp' as default
-- Found std_msgs: 5.3.6 (/opt/ros/jazzy/share/std_msgs/cmake)
-- Configuring done (1.9s)
-- Generating done (0.0s)
-- Build files have been written to: /home/parkmingwan/followingbot_ws/build/bldc_inwheel_driver_stub
[ 50%] [32mBuilding CXX object CMakeFiles/vehicle_bridge_node.dir/src/vehicle_bridge_node.cpp.o[0m
[100%] [32m[1mLinking CXX executable vehicle_bridge_node[0m
[100%] Built target vehicle_bridge_node
-- Install configuration: ""
-- Execute custom install script
-- Symlinking: /home/parkmingwan/followingbot_ws/install/bldc_inwheel_driver_stub/lib/bldc_inwheel_driver_stub/vehicle_bridge_node
-- Symlinking: /home/parkmingwan/followingbot_ws/install/bldc_inwheel_driver_stub/share/ament_index/resource_index/package_run_dependencies/bldc_inwheel_driver_stub
-- Symlinking: /home/parkmingwan/followingbot_ws/install/bldc_inwheel_driver_stub/share/ament_index/resource_index/parent_prefix_path/bldc_inwheel_driver_stub
-- Symlinking: /home/parkmingwan/followingbot_ws/install/bldc_inwheel_driver_stub/share/bldc_inwheel_driver_stub/environment/ament_prefix_path.sh
-- Symlinking: /home/parkmingwan/followingbot_ws/install/bldc_inwheel_driver_stub/share/bldc_inwheel_driver_stub/environment/ament_prefix_path.dsv
-- Symlinking: /home/parkmingwan/followingbot_ws/install/bldc_inwheel_driver_stub/share/bldc_inwheel_driver_stub/environment/path.sh
-- Symlinking: /home/parkmingwan/followingbot_ws/install/bldc_inwheel_driver_stub/share/bldc_inwheel_driver_stub/environment/path.dsv
-- Symlinking: /home/parkmingwan/followingbot_ws/install/bldc_inwheel_driver_stub/share/bldc_inwheel_driver_stub/local_setup.bash
-- Symlinking: /home/parkmingwan/followingbot_ws/install/bldc_inwheel_driver_stub/share/bldc_inwheel_driver_stub/local_setup.sh
-- Symlinking: /home/parkmingwan/followingbot_ws/install/bldc_inwheel_driver_stub/share/bldc_inwheel_driver_stub/local_setup.zsh
-- Symlinking: /home/parkmingwan/followingbot_ws/install/bldc_inwheel_driver_stub/share/bldc_inwheel_driver_stub/local_setup.dsv
-- Symlinking: /home/parkmingwan/followingbot_ws/install/bldc_inwheel_driver_stub/share/bldc_inwheel_driver_stub/package.dsv
-- Symlinking: /home/parkmingwan/followingbot_ws/install/bldc_inwheel_driver_stub/share/ament_index/resource_index/packages/bldc_inwheel_driver_stub
-- Symlinking: /home/parkmingwan/followingbot_ws/install/bldc_inwheel_driver_stub/share/bldc_inwheel_driver_stub/cmake/bldc_inwheel_driver_stubConfig.cmake
-- Symlinking: /home/parkmingwan/followingbot_ws/install/bldc_inwheel_driver_stub/share/bldc_inwheel_driver_stub/cmake/bldc_inwheel_driver_stubConfig-version.cmake
-- Symlinking: /home/parkmingwan/followingbot_ws/install/bldc_inwheel_driver_stub/share/bldc_inwheel_driver_stub/package.xml
