[0.040s] Invoking command in '/home/parkmingwan/followingbot_ws/build/bldc_inwheel_driver_stub': CMAKE_PREFIX_PATH=${CMAKE_PREFIX_PATH}:/home/parkmingwan/ros2_ws/install/kroad:/opt/ros/jazzy DEBUGINFOD_URLS=https://debuginfod.ubuntu.com /usr/bin/cmake /home/parkmingwan/followingbot_ws/src/bldc_inwheel_driver_stub -DAMENT_CMAKE_SYMLINK_INSTALL=1 -DCMAKE_INSTALL_PREFIX=/home/parkmingwan/followingbot_ws/install/bldc_inwheel_driver_stub
[0.694s] -- The C compiler identification is GNU 13.3.0
[0.694s] -- The CXX compiler identification is GNU 13.3.0
[0.694s] -- Detecting C compiler ABI info
[0.694s] -- Detecting C compiler ABI info - done
[0.694s] -- Check for working C compiler: /usr/bin/cc - skipped
[0.694s] -- Detecting C compile features
[0.694s] -- Detecting C compile features - done
[0.694s] -- Detecting CXX compiler ABI info
[0.694s] -- Detecting CXX compiler ABI info - done
[0.695s] -- Check for working CXX compiler: /usr/bin/c++ - skipped
[0.695s] -- Detecting CXX compile features
[0.695s] -- Detecting CXX compile features - done
[0.695s] -- Found ament_cmake: 2.5.5 (/opt/ros/jazzy/share/ament_cmake/cmake)
[0.791s] -- Found Python3: /usr/bin/python3 (found version "3.12.3") found components: Interpreter 
[0.931s] -- Override CMake install command with custom implementation using symlinks instead of copying resources
[0.972s] -- Found rclcpp: 28.1.16 (/opt/ros/jazzy/share/rclcpp/cmake)
[1.041s] -- Found rosidl_generator_c: 4.6.7 (/opt/ros/jazzy/share/rosidl_generator_c/cmake)
[1.066s] -- Found rosidl_generator_cpp: 4.6.7 (/opt/ros/jazzy/share/rosidl_generator_cpp/cmake)
[1.092s] -- Using all available rosidl_typesupport_c: rosidl_typesupport_fastrtps_c;rosidl_typesupport_introspection_c
[1.121s] -- Using all available rosidl_typesupport_cpp: rosidl_typesupport_fastrtps_cpp;rosidl_typesupport_introspection_cpp
[1.270s] -- Found rmw_implementation_cmake: 7.3.3 (/opt/ros/jazzy/share/rmw_implementation_cmake/cmake)
[1.275s] -- Found rmw_fastrtps_cpp: 8.4.3 (/opt/ros/jazzy/share/rmw_fastrtps_cpp/cmake)
[1.391s] -- Found OpenSSL: /usr/lib/x86_64-linux-gnu/libcrypto.so (found version "3.0.13")  
[1.424s] -- Found FastRTPS: /opt/ros/jazzy/include (Required is at least version "2.13") 
[1.462s] -- Using RMW implementation 'rmw_fastrtps_cpp' as default
[1.645s] -- Found std_msgs: 5.3.6 (/opt/ros/jazzy/share/std_msgs/cmake)
[1.958s] -- Configuring done (1.9s)
[1.980s] -- Generating done (0.0s)
[1.987s] -- Build files have been written to: /home/parkmingwan/followingbot_ws/build/bldc_inwheel_driver_stub
[2.012s] Invoked command in '/home/parkmingwan/followingbot_ws/build/bldc_inwheel_driver_stub' returned '0': CMAKE_PREFIX_PATH=${CMAKE_PREFIX_PATH}:/home/parkmingwan/ros2_ws/install/kroad:/opt/ros/jazzy DEBUGINFOD_URLS=https://debuginfod.ubuntu.com /usr/bin/cmake /home/parkmingwan/followingbot_ws/src/bldc_inwheel_driver_stub -DAMENT_CMAKE_SYMLINK_INSTALL=1 -DCMAKE_INSTALL_PREFIX=/home/parkmingwan/followingbot_ws/install/bldc_inwheel_driver_stub
[2.012s] Invoking command in '/home/parkmingwan/followingbot_ws/build/bldc_inwheel_driver_stub': CMAKE_PREFIX_PATH=${CMAKE_PREFIX_PATH}:/home/parkmingwan/ros2_ws/install/kroad:/opt/ros/jazzy DEBUGINFOD_URLS=https://debuginfod.ubuntu.com /usr/bin/cmake --build /home/parkmingwan/followingbot_ws/build/bldc_inwheel_driver_stub -- -j8 -l8
[2.094s] [ 50%] [32mBuilding CXX object CMakeFiles/vehicle_bridge_node.dir/src/vehicle_bridge_node.cpp.o[0m
[14.123s] [100%] [32m[1mLinking CXX executable vehicle_bridge_node[0m
[14.643s] [100%] Built target vehicle_bridge_node
[14.659s] Invoked command in '/home/parkmingwan/followingbot_ws/build/bldc_inwheel_driver_stub' returned '0': CMAKE_PREFIX_PATH=${CMAKE_PREFIX_PATH}:/home/parkmingwan/ros2_ws/install/kroad:/opt/ros/jazzy DEBUGINFOD_URLS=https://debuginfod.ubuntu.com /usr/bin/cmake --build /home/parkmingwan/followingbot_ws/build/bldc_inwheel_driver_stub -- -j8 -l8
[14.673s] Invoking command in '/home/parkmingwan/followingbot_ws/build/bldc_inwheel_driver_stub': CMAKE_PREFIX_PATH=${CMAKE_PREFIX_PATH}:/home/parkmingwan/ros2_ws/install/kroad:/opt/ros/jazzy DEBUGINFOD_URLS=https://debuginfod.ubuntu.com /usr/bin/cmake --install /home/parkmingwan/followingbot_ws/build/bldc_inwheel_driver_stub
[14.684s] -- Install configuration: ""
[14.684s] -- Execute custom install script
[14.685s] -- Symlinking: /home/parkmingwan/followingbot_ws/install/bldc_inwheel_driver_stub/lib/bldc_inwheel_driver_stub/vehicle_bridge_node
[14.697s] -- Symlinking: /home/parkmingwan/followingbot_ws/install/bldc_inwheel_driver_stub/share/ament_index/resource_index/package_run_dependencies/bldc_inwheel_driver_stub
[14.707s] -- Symlinking: /home/parkmingwan/followingbot_ws/install/bldc_inwheel_driver_stub/share/ament_index/resource_index/parent_prefix_path/bldc_inwheel_driver_stub
[14.716s] -- Symlinking: /home/parkmingwan/followingbot_ws/install/bldc_inwheel_driver_stub/share/bldc_inwheel_driver_stub/environment/ament_prefix_path.sh
[14.727s] -- Symlinking: /home/parkmingwan/followingbot_ws/install/bldc_inwheel_driver_stub/share/bldc_inwheel_driver_stub/environment/ament_prefix_path.dsv
[14.735s] -- Symlinking: /home/parkmingwan/followingbot_ws/install/bldc_inwheel_driver_stub/share/bldc_inwheel_driver_stub/environment/path.sh
[14.743s] -- Symlinking: /home/parkmingwan/followingbot_ws/install/bldc_inwheel_driver_stub/share/bldc_inwheel_driver_stub/environment/path.dsv
[14.752s] -- Symlinking: /home/parkmingwan/followingbot_ws/install/bldc_inwheel_driver_stub/share/bldc_inwheel_driver_stub/local_setup.bash
[14.763s] -- Symlinking: /home/parkmingwan/followingbot_ws/install/bldc_inwheel_driver_stub/share/bldc_inwheel_driver_stub/local_setup.sh
[14.776s] -- Symlinking: /home/parkmingwan/followingbot_ws/install/bldc_inwheel_driver_stub/share/bldc_inwheel_driver_stub/local_setup.zsh
[14.786s] -- Symlinking: /home/parkmingwan/followingbot_ws/install/bldc_inwheel_driver_stub/share/bldc_inwheel_driver_stub/local_setup.dsv
[14.797s] -- Symlinking: /home/parkmingwan/followingbot_ws/install/bldc_inwheel_driver_stub/share/bldc_inwheel_driver_stub/package.dsv
[14.809s] -- Symlinking: /home/parkmingwan/followingbot_ws/install/bldc_inwheel_driver_stub/share/ament_index/resource_index/packages/bldc_inwheel_driver_stub
[14.817s] -- Symlinking: /home/parkmingwan/followingbot_ws/install/bldc_inwheel_driver_stub/share/bldc_inwheel_driver_stub/cmake/bldc_inwheel_driver_stubConfig.cmake
[14.827s] -- Symlinking: /home/parkmingwan/followingbot_ws/install/bldc_inwheel_driver_stub/share/bldc_inwheel_driver_stub/cmake/bldc_inwheel_driver_stubConfig-version.cmake
[14.835s] -- Symlinking: /home/parkmingwan/followingbot_ws/install/bldc_inwheel_driver_stub/share/bldc_inwheel_driver_stub/package.xml
[14.846s] Invoked command in '/home/parkmingwan/followingbot_ws/build/bldc_inwheel_driver_stub' returned '0': CMAKE_PREFIX_PATH=${CMAKE_PREFIX_PATH}:/home/parkmingwan/ros2_ws/install/kroad:/opt/ros/jazzy DEBUGINFOD_URLS=https://debuginfod.ubuntu.com /usr/bin/cmake --install /home/parkmingwan/followingbot_ws/build/bldc_inwheel_driver_stub
