running develop
running egg_info
creating followingbot_bringup.egg-info
writing followingbot_bringup.egg-info/PKG-INFO
writing dependency_links to followingbot_bringup.egg-info/dependency_links.txt
writing requirements to followingbot_bringup.egg-info/requires.txt
writing top-level names to followingbot_bringup.egg-info/top_level.txt
writing manifest file 'followingbot_bringup.egg-info/SOURCES.txt'
reading manifest file 'followingbot_bringup.egg-info/SOURCES.txt'
writing manifest file 'followingbot_bringup.egg-info/SOURCES.txt'
running build_ext
Creating /home/parkmingwan/followingbot_ws/install/followingbot_bringup/lib/python3.12/site-packages/followingbot-bringup.egg-link (link to .)

Installed /home/parkmingwan/followingbot_ws/build/followingbot_bringup
running symlink_data
creating /home/parkmingwan/followingbot_ws/install/followingbot_bringup/share/ament_index
creating /home/parkmingwan/followingbot_ws/install/followingbot_bringup/share/ament_index/resource_index
creating /home/parkmingwan/followingbot_ws/install/followingbot_bringup/share/ament_index/resource_index/packages
symbolically linking /home/parkmingwan/followingbot_ws/build/followingbot_bringup/resource/followingbot_bringup -> /home/parkmingwan/followingbot_ws/install/followingbot_bringup/share/ament_index/resource_index/packages
symbolically linking /home/parkmingwan/followingbot_ws/build/followingbot_bringup/package.xml -> /home/parkmingwan/followingbot_ws/install/followingbot_bringup/share/followingbot_bringup
creating /home/parkmingwan/followingbot_ws/install/followingbot_bringup/share/followingbot_bringup/launch
symbolically linking /home/parkmingwan/followingbot_ws/build/followingbot_bringup/launch/step1_2_system.launch.py -> /home/parkmingwan/followingbot_ws/install/followingbot_bringup/share/followingbot_bringup/launch
symbolically linking /home/parkmingwan/followingbot_ws/build/followingbot_bringup/launch/uwb_follow_system.launch.py -> /home/parkmingwan/followingbot_ws/install/followingbot_bringup/share/followingbot_bringup/launch
