running develop
running egg_info
creating followingbot_bridge.egg-info
writing followingbot_bridge.egg-info/PKG-INFO
writing dependency_links to followingbot_bridge.egg-info/dependency_links.txt
writing entry points to followingbot_bridge.egg-info/entry_points.txt
writing requirements to followingbot_bridge.egg-info/requires.txt
writing top-level names to followingbot_bridge.egg-info/top_level.txt
writing manifest file 'followingbot_bridge.egg-info/SOURCES.txt'
reading manifest file 'followingbot_bridge.egg-info/SOURCES.txt'
writing manifest file 'followingbot_bridge.egg-info/SOURCES.txt'
running build_ext
Creating /home/parkmingwan/followingbot_ws/install/followingbot_bridge/lib/python3.12/site-packages/followingbot-bridge.egg-link (link to .)
Installing rpm_direct_serial_bridge script to /home/parkmingwan/followingbot_ws/install/followingbot_bridge/lib/followingbot_bridge
Installing serial_bridge script to /home/parkmingwan/followingbot_ws/install/followingbot_bridge/lib/followingbot_bridge
Installing uwb_follower script to /home/parkmingwan/followingbot_ws/install/followingbot_bridge/lib/followingbot_bridge
Installing uwb_serial_bridge script to /home/parkmingwan/followingbot_ws/install/followingbot_bridge/lib/followingbot_bridge

Installed /home/parkmingwan/followingbot_ws/build/followingbot_bridge
running symlink_data
creating /home/parkmingwan/followingbot_ws/install/followingbot_bridge/share/ament_index
creating /home/parkmingwan/followingbot_ws/install/followingbot_bridge/share/ament_index/resource_index
creating /home/parkmingwan/followingbot_ws/install/followingbot_bridge/share/ament_index/resource_index/packages
symbolically linking /home/parkmingwan/followingbot_ws/build/followingbot_bridge/resource/followingbot_bridge -> /home/parkmingwan/followingbot_ws/install/followingbot_bridge/share/ament_index/resource_index/packages
symbolically linking /home/parkmingwan/followingbot_ws/build/followingbot_bridge/package.xml -> /home/parkmingwan/followingbot_ws/install/followingbot_bridge/share/followingbot_bridge
