[1.748s] Invoking command in '/home/parkmingwan/followingbot_ws/build/followingbot_bridge': DEBUGINFOD_URLS=https://debuginfod.ubuntu.com PYTHONPATH=/home/parkmingwan/followingbot_ws/build/followingbot_bridge/prefix_override:/usr/lib/python3/dist-packages/colcon_core/task/python/colcon_distutils_commands:/home/parkmingwan/followingbot_ws/install/followingbot_bridge/lib/python3.12/site-packages:${PYTHONPATH} /usr/bin/python3 -W ignore:setup.py install is deprecated -W ignore:easy_install command is deprecated setup.py develop --editable --build-directory /home/parkmingwan/followingbot_ws/build/followingbot_bridge/build --no-deps symlink_data
[2.441s] running develop
[2.880s] running egg_info
[2.880s] creating followingbot_bridge.egg-info
[2.932s] writing followingbot_bridge.egg-info/PKG-INFO
[2.932s] writing dependency_links to followingbot_bridge.egg-info/dependency_links.txt
[2.932s] writing entry points to followingbot_bridge.egg-info/entry_points.txt
[2.933s] writing requirements to followingbot_bridge.egg-info/requires.txt
[2.933s] writing top-level names to followingbot_bridge.egg-info/top_level.txt
[2.933s] writing manifest file 'followingbot_bridge.egg-info/SOURCES.txt'
[3.036s] reading manifest file 'followingbot_bridge.egg-info/SOURCES.txt'
[3.037s] writing manifest file 'followingbot_bridge.egg-info/SOURCES.txt'
[3.076s] running build_ext
[3.077s] Creating /home/parkmingwan/followingbot_ws/install/followingbot_bridge/lib/python3.12/site-packages/followingbot-bridge.egg-link (link to .)
[3.078s] Installing rpm_direct_serial_bridge script to /home/parkmingwan/followingbot_ws/install/followingbot_bridge/lib/followingbot_bridge
[3.079s] Installing serial_bridge script to /home/parkmingwan/followingbot_ws/install/followingbot_bridge/lib/followingbot_bridge
[3.080s] Installing uwb_follower script to /home/parkmingwan/followingbot_ws/install/followingbot_bridge/lib/followingbot_bridge
[3.080s] Installing uwb_serial_bridge script to /home/parkmingwan/followingbot_ws/install/followingbot_bridge/lib/followingbot_bridge
[3.080s] 
[3.080s] Installed /home/parkmingwan/followingbot_ws/build/followingbot_bridge
[3.080s] running symlink_data
[3.080s] creating /home/parkmingwan/followingbot_ws/install/followingbot_bridge/share/ament_index
[3.081s] creating /home/parkmingwan/followingbot_ws/install/followingbot_bridge/share/ament_index/resource_index
[3.081s] creating /home/parkmingwan/followingbot_ws/install/followingbot_bridge/share/ament_index/resource_index/packages
[3.081s] symbolically linking /home/parkmingwan/followingbot_ws/build/followingbot_bridge/resource/followingbot_bridge -> /home/parkmingwan/followingbot_ws/install/followingbot_bridge/share/ament_index/resource_index/packages
[3.081s] symbolically linking /home/parkmingwan/followingbot_ws/build/followingbot_bridge/package.xml -> /home/parkmingwan/followingbot_ws/install/followingbot_bridge/share/followingbot_bridge
[3.248s] Invoked command in '/home/parkmingwan/followingbot_ws/build/followingbot_bridge' returned '0': DEBUGINFOD_URLS=https://debuginfod.ubuntu.com PYTHONPATH=/home/parkmingwan/followingbot_ws/build/followingbot_bridge/prefix_override:/usr/lib/python3/dist-packages/colcon_core/task/python/colcon_distutils_commands:/home/parkmingwan/followingbot_ws/install/followingbot_bridge/lib/python3.12/site-packages:${PYTHONPATH} /usr/bin/python3 -W ignore:setup.py install is deprecated -W ignore:easy_install command is deprecated setup.py develop --editable --build-directory /home/parkmingwan/followingbot_ws/build/followingbot_bridge/build --no-deps symlink_data
